// Jest Snapshot v1, https://goo.gl/fbAQLP

exports[`index client mode 1`] = `
"

  index
    ✓ works


  1 passing

-----------|---------|----------|---------|---------|-------------------
File       | % Stmts | % Branch | % Funcs | % Lines | Uncovered Line #s 
-----------|---------|----------|---------|---------|-------------------
All files  |     100 |      100 |     100 |     100 |                   
 index.vue |     100 |      100 |     100 |     100 |                   
-----------|---------|----------|---------|---------|-------------------"
`;

exports[`index works 1`] = `
"

  index
    ✓ works


  1 passing

-----------|---------|----------|---------|---------|-------------------
File       | % Stmts | % Branch | % Funcs | % Lines | Uncovered Line #s 
-----------|---------|----------|---------|---------|-------------------
All files  |     100 |      100 |     100 |     100 |                   
 index.vue |     100 |      100 |     100 |     100 |                   
-----------|---------|----------|---------|---------|-------------------"
`;
